// Jest Snapshot v1, https://goo.gl/fbAQLP

exports[`default theme 1`] = `
Object {
  "boxShadows": Object {
    "elevatedContent": "0px 10px 64px rgba(0, 0, 0, 0.15)",
    "focusVisible": "0 0 0 2px rgba(0, 150, 225, .3)",
    "focusVisibleInverse": "0 0 0 2px rgba(255, 255, 255, .3)",
    "header": "0px 0px 24px rgba(0, 0, 0, 0.15)",
    "popover": "0px 10px 64px rgba(0, 0, 0, 0.2)",
    "table": "0px 2px 8px rgba(0, 0, 0, 0.13)",
    "tooltip": "0px 0px 24px rgba(0, 0, 0, 0.15)",
  },
  "breakpoints": Object {
    "between": [Function],
    "down": [Function],
    "keys": Array [
      "xs",
      "sm",
      "md",
      "lg",
      "xl",
    ],
    "only": [Function],
    "up": [Function],
    "values": Object {
      "lg": 1280,
      "md": 960,
      "sm": 600,
      "xl": 1920,
      "xs": 0,
    },
    "width": [Function],
  },
  "direction": "ltr",
  "mixins": Object {
    "gutters": [Function],
    "toolbar": Object {
      "@media (min-width:0px) and (orientation: landscape)": Object {
        "minHeight": 48,
      },
      "@media (min-width:600px)": Object {
        "minHeight": 64,
      },
      "minHeight": 56,
    },
  },
  "overrides": Object {
    "MuiButton": Object {
      "containedPrimary": Object {
        "&$focusVisible": Object {
          "boxShadow": "0px 3px 5px -1px rgba(0,0,0,0.2),0px 6px 10px 0px rgba(0,0,0,0.14),0px 1px 18px 0px rgba(0,0,0,0.12)",
        },
        "&:active": Object {
          "boxShadow": "none",
        },
        "&:disabled": Object {
          "backgroundColor": "#006eb7",
          "color": "#ffffff",
          "opacity": 0.44,
        },
        "&:hover, &:focus": Object {
          "@media (hover: none)": Object {
            "backgroundColor": "#e9e9e9",
          },
          "backgroundColor": "#006eb7",
        },
        "backgroundColor": "#006eb7",
        "boxShadow": "none",
        "color": "#ffffff",
      },
      "outlinedPrimary": Object {
        "&:disabled": Object {
          "border": "1px solid #006eb7",
          "color": "#006eb7",
          "opacity": 0.44,
        },
        "&:hover, &:focus": Object {
          "backgroundColor": "transparent",
          "border": "1px solid #006eb7",
          "color": "#006eb7",
        },
        "border": "1px solid #006eb7",
      },
      "root": Object {
        "&:focus": Object {
          "outline": 0,
        },
        "boxSizing": "border-box",
        "fontFamily": "\\"Lato\\", Helvetica, Roboto, Arial, \\"Lucida Grande\\", sans-serif",
        "fontSize": "0.75rem",
        "fontWeight": 700,
        "letterSpacing": 0.5,
        "lineHeight": 1.4,
        "minHeight": "1.875rem",
        "minWidth": 88,
        "padding": "11px 14px",
        "textTransform": "initial",
        "transition": "background-color 250ms cubic-bezier(0.4, 0, 0.2, 1) 0ms,color 250ms cubic-bezier(0.4, 0, 0.2, 1) 0ms,box-shadow 250ms cubic-bezier(0.4, 0, 0.2, 1) 0ms,border 250ms cubic-bezier(0.4, 0, 0.2, 1) 0ms",
      },
      "sizeSmall": Object {
        "fontFamily": "\\"Lato\\", Helvetica, Roboto, Arial, \\"Lucida Grande\\", sans-serif",
        "fontSize": "0.75rem",
        "fontWeight": 700,
        "letterSpacing": 0.5,
        "lineHeight": 1.4,
        "minHeight": "2rem",
        "minWidth": 64,
        "padding": "8px 11px",
        "textTransform": "initial",
      },
      "textPrimary": Object {
        "&:disabled": Object {
          "color": "#006eb7",
          "opacity": 0.44,
        },
        "&:hover, &:focus": Object {
          "backgroundColor": "inherit",
          "color": "#006eb7",
        },
        "color": "#006eb7",
        "padding": "11px 14px",
      },
    },
    "MuiTab": Object {
      "root": Object {
        "&$selected": Object {
          "color": "#262c32",
        },
        "&:disabled": Object {
          "color": "#7b8996",
        },
        "&:focus": Object {
          "outline": "none",
        },
        "&:hover": Object {
          "color": "#637585",
        },
        "@media (min-width:600px)": Object {
          "fontSize": "0.875rem",
        },
        "fontSize": "0.875rem",
        "fontWeight": 400,
        "letterSpacing": "0.00625rem",
        "minHeight": "3rem",
        "textTransform": "initial",
        "transition": "color 0.5s ease",
      },
      "textColorInherit": Object {
        "color": "#262c32",
        "opacity": "initial",
      },
      "wrapper": Object {
        "paddingLeft": 16,
        "paddingRight": 16,
      },
    },
    "MuiTabs": Object {
      "indicator": Object {
        "backgroundColor": "#006eb7",
        "height": "0.1875rem",
      },
      "root": Object {
        "borderBottom": "1px solid #dbdbdb",
        "height": "initial",
        "minHeight": "initial",
        "width": "100%",
      },
    },
    "MuiTooltip": Object {
      "popper": Object {
        "opacity": 1,
      },
      "tooltip": Object {
        "backgroundColor": "#ffffff",
        "boxShadow": "0px 0px 24px rgba(0, 0, 0, 0.15)",
        "color": "#576674",
        "fontSize": "0.6875rem",
        "letterSpacing": "0.021875em",
        "maxWidth": 500,
        "paddingLeft": 8,
        "paddingRight": 8,
      },
    },
  },
  "palette": Object {
    "action": Object {
      "activatedOpacity": 0.12,
      "active": "rgba(0, 0, 0, 0.54)",
      "disabled": "rgba(0, 0, 0, 0.26)",
      "disabledBackground": "rgba(0, 0, 0, 0.12)",
      "disabledOpacity": 0.38,
      "focus": "rgba(0, 0, 0, 0.12)",
      "focusOpacity": 0.12,
      "hover": "rgba(0, 0, 0, 0.04)",
      "hoverOpacity": 0.04,
      "selected": "rgba(0, 0, 0, 0.08)",
      "selectedOpacity": 0.08,
    },
    "augmentColor": [Function],
    "background": Object {
      "default": "#f5f8fa",
      "paper": "#fafafa",
    },
    "black": Object {
      "100": "#d1d5d8",
      "200": "#b2b9c0",
      "300": "#929da9",
      "400": "#7b8996",
      "50": "#eeeeee",
      "500": "#637585",
      "600": "#576674",
      "700": "#47535e",
      "800": "#384049",
      "900": "#262c32",
      "contrastText": "#f8f8f8",
      "light": "#47535e",
      "main": "#262c32",
    },
    "blue": Object {
      "100": "#aae3f8",
      "200": "#6dd1f4",
      "300": "#0abff1",
      "400": "#00b2f1",
      "50": "#def4fc",
      "500": "#00a4ef",
      "600": "#0096e1",
      "700": "#0083ce",
      "800": "#006eb7",
      "900": "#00539a",
      "contrastText": "#f8f8f8",
      "light": "#0abff1",
      "main": "#006eb7",
    },
    "charcoal": Object {
      "100": "#d6d7d8",
      "200": "#c2c3c5",
      "300": "#aeafb1",
      "400": "#9a9c9e",
      "50": "#ebebeb",
      "500": "#85888a",
      "600": "#717477",
      "700": "#5d6063",
      "800": "#494d50",
      "900": "#35393d",
      "contrastText": "#f8f8f8",
      "light": "#717477",
      "main": "#35393d",
    },
    "common": Object {
      "black": "#262c32",
      "white": "#ffffff",
    },
    "contrastThreshold": 3,
    "darkGraphite": Object {
      "100": "#dcdde1",
      "200": "#cbccd2",
      "300": "#b9bbc3",
      "400": "#a8aab4",
      "50": "#eeeef0",
      "500": "#9799a5",
      "600": "#868996",
      "700": "#747787",
      "800": "#636779",
      "900": "#52566a",
      "contrastText": "#f8f8f8",
      "light": "#868996",
      "main": "#52566a",
    },
    "divider": "#dbdbdb",
    "error": Object {
      "100": "#eccdcf",
      "200": "#e3b5b7",
      "300": "#d99c9f",
      "400": "#d08387",
      "50": "#f5e6e7",
      "500": "#c76a6f",
      "600": "#be5257",
      "700": "#b4393f",
      "800": "#e95646",
      "900": "#b40028",
      "contrastText": "#f8f8f8",
      "dark": "#b4393f",
      "light": "#be5257",
      "main": "#e95646",
    },
    "getContrastText": [Function],
    "graphite": Object {
      "100": "#e6e7ed",
      "200": "#dadbe4",
      "300": "#cdcfdb",
      "400": "#c1c4d2",
      "50": "#f2f3f6",
      "500": "#b5b8c9",
      "600": "#a9acc0",
      "700": "#9ca0b7",
      "800": "#9095af",
      "900": "#8489a6",
      "contrastText": "#f8f8f8",
      "light": "#a9acc0",
      "main": "#8489a6",
    },
    "green": Object {
      "100": "#cbeed9",
      "200": "#b2e5c7",
      "300": "#97dcb4",
      "400": "#7ed4a2",
      "50": "#e6f6ec",
      "500": "#63cc8f",
      "600": "#48c47d",
      "700": "#2bbb6a",
      "800": "#8cc654",
      "900": "#007029",
      "contrastText": "#f8f8f8",
      "light": "#63cc8f",
      "main": "#8cc654",
    },
    "grey": Object {
      "100": "#f1f7f9",
      "200": "#f8f8f8",
      "300": "#e9e9e9",
      "400": "#dbdbdb",
      "50": "#fafafa",
      "500": "#cacaca",
      "600": "#9c9c9c",
      "700": "#595959",
      "800": "#35393d",
      "900": "#292c2f",
      "A100": "#d5d5d5",
      "A200": "#aaaaaa",
      "A400": "#303030",
      "A700": "#616161",
      "light": "#9c9c9c",
      "main": "#292c2f",
    },
    "info": Object {
      "contrastText": "#fff",
      "dark": "#1976d2",
      "light": "#64b5f6",
      "main": "#2196f3",
    },
    "navy": Object {
      "100": "#d9dde1",
      "200": "#c7ccd2",
      "300": "#b4bbc3",
      "400": "#a2abb4",
      "50": "#eceef0",
      "500": "#8f9aa5",
      "600": "#7d8996",
      "700": "#6a7887",
      "800": "#576878",
      "900": "#455769",
      "contrastText": "#f8f8f8",
      "light": "#6a7887",
      "main": "#455769",
    },
    "orange": Object {
      "100": "#fce4cc",
      "200": "#fbd7b3",
      "300": "#f9c999",
      "400": "#f8bc80",
      "50": "#fdf1e6",
      "500": "#f7af66",
      "600": "#f5a24d",
      "700": "#f49433",
      "800": "#f27a00",
      "900": "#b14800",
      "contrastText": "#f8f8f8",
      "light": "#f5a24d",
      "main": "#f27a00",
    },
    "primary": Object {
      "100": "#aae3f8",
      "200": "#6dd1f4",
      "300": "#0abff1",
      "400": "#00b2f1",
      "50": "#def4fc",
      "500": "#00a4ef",
      "600": "#0096e1",
      "700": "#0083ce",
      "800": "#006eb7",
      "900": "#00539a",
      "contrastText": "#f8f8f8",
      "dark": "#0083ce",
      "light": "#0abff1",
      "main": "#006eb7",
    },
    "purple": Object {
      "100": "#e8cffe",
      "200": "#ddb8fe",
      "300": "#d2a0fe",
      "400": "#c789fe",
      "50": "#f4e7fe",
      "500": "#bc71fe",
      "600": "#b15afe",
      "700": "#a642fe",
      "800": "#9013fe",
      "900": "#5500c9",
      "contrastText": "#f8f8f8",
      "light": "#b15afe",
      "main": "#9013fe",
    },
    "red": Object {
      "100": "#eccdcf",
      "200": "#e3b5b7",
      "300": "#d99c9f",
      "400": "#d08387",
      "50": "#f5e6e7",
      "500": "#c76a6f",
      "600": "#be5257",
      "700": "#b4393f",
      "800": "#e95646",
      "900": "#b40028",
      "contrastText": "#f8f8f8",
      "light": "#be5257",
      "main": "#e95646",
    },
    "secondary": Object {
      "100": "#cbeed9",
      "200": "#b2e5c7",
      "300": "#97dcb4",
      "400": "#7ed4a2",
      "50": "#e6f6ec",
      "500": "#63cc8f",
      "600": "#48c47d",
      "700": "#2bbb6a",
      "800": "#8cc654",
      "900": "#007029",
      "contrastText": "#f8f8f8",
      "dark": "rgb(98, 138, 58)",
      "light": "#63cc8f",
      "main": "#8cc654",
    },
    "success": Object {
      "contrastText": "rgba(0, 0, 0, 0.87)",
      "dark": "#388e3c",
      "light": "#81c784",
      "main": "#4caf50",
    },
    "text": Object {
      "contrast": "#f8f8f8",
      "dark": "#262c32",
      "disabled": "#7b8996",
      "hint": "#576674",
      "primary": "#262c32",
      "secondary": "#47535e",
    },
    "tonalOffset": 0.2,
    "type": "light",
    "warning": Object {
      "contrastText": "rgba(0, 0, 0, 0.87)",
      "dark": "#f57c00",
      "light": "#ffb74d",
      "main": "#ff9800",
    },
    "yellow": Object {
      "100": "#fdfad1",
      "200": "#fcf7bb",
      "300": "#fcf5a4",
      "400": "#fbf38d",
      "50": "#fefce8",
      "500": "#faf076",
      "600": "#faee60",
      "700": "#f9eb49",
      "800": "#f7bf4d",
      "900": "#916800",
      "contrastText": "#f8f8f8",
      "light": "#faee60",
      "main": "#f7bf4d",
    },
  },
  "props": Object {},
  "pxToRem": [Function],
  "shadows": Array [
    "none",
    "0px 2px 1px -1px rgba(0,0,0,0.2),0px 1px 1px 0px rgba(0,0,0,0.14),0px 1px 3px 0px rgba(0,0,0,0.12)",
    "0px 3px 1px -2px rgba(0,0,0,0.2),0px 2px 2px 0px rgba(0,0,0,0.14),0px 1px 5px 0px rgba(0,0,0,0.12)",
    "0px 3px 3px -2px rgba(0,0,0,0.2),0px 3px 4px 0px rgba(0,0,0,0.14),0px 1px 8px 0px rgba(0,0,0,0.12)",
    "0px 2px 4px -1px rgba(0,0,0,0.2),0px 4px 5px 0px rgba(0,0,0,0.14),0px 1px 10px 0px rgba(0,0,0,0.12)",
    "0px 3px 5px -1px rgba(0,0,0,0.2),0px 5px 8px 0px rgba(0,0,0,0.14),0px 1px 14px 0px rgba(0,0,0,0.12)",
    "0px 3px 5px -1px rgba(0,0,0,0.2),0px 6px 10px 0px rgba(0,0,0,0.14),0px 1px 18px 0px rgba(0,0,0,0.12)",
    "0px 4px 5px -2px rgba(0,0,0,0.2),0px 7px 10px 1px rgba(0,0,0,0.14),0px 2px 16px 1px rgba(0,0,0,0.12)",
    "0px 5px 5px -3px rgba(0,0,0,0.2),0px 8px 10px 1px rgba(0,0,0,0.14),0px 3px 14px 2px rgba(0,0,0,0.12)",
    "0px 5px 6px -3px rgba(0,0,0,0.2),0px 9px 12px 1px rgba(0,0,0,0.14),0px 3px 16px 2px rgba(0,0,0,0.12)",
    "0px 6px 6px -3px rgba(0,0,0,0.2),0px 10px 14px 1px rgba(0,0,0,0.14),0px 4px 18px 3px rgba(0,0,0,0.12)",
    "0px 6px 7px -4px rgba(0,0,0,0.2),0px 11px 15px 1px rgba(0,0,0,0.14),0px 4px 20px 3px rgba(0,0,0,0.12)",
    "0px 7px 8px -4px rgba(0,0,0,0.2),0px 12px 17px 2px rgba(0,0,0,0.14),0px 5px 22px 4px rgba(0,0,0,0.12)",
    "0px 7px 8px -4px rgba(0,0,0,0.2),0px 13px 19px 2px rgba(0,0,0,0.14),0px 5px 24px 4px rgba(0,0,0,0.12)",
    "0px 7px 9px -4px rgba(0,0,0,0.2),0px 14px 21px 2px rgba(0,0,0,0.14),0px 5px 26px 4px rgba(0,0,0,0.12)",
    "0px 8px 9px -5px rgba(0,0,0,0.2),0px 15px 22px 2px rgba(0,0,0,0.14),0px 6px 28px 5px rgba(0,0,0,0.12)",
    "0px 8px 10px -5px rgba(0,0,0,0.2),0px 16px 24px 2px rgba(0,0,0,0.14),0px 6px 30px 5px rgba(0,0,0,0.12)",
    "0px 8px 11px -5px rgba(0,0,0,0.2),0px 17px 26px 2px rgba(0,0,0,0.14),0px 6px 32px 5px rgba(0,0,0,0.12)",
    "0px 9px 11px -5px rgba(0,0,0,0.2),0px 18px 28px 2px rgba(0,0,0,0.14),0px 7px 34px 6px rgba(0,0,0,0.12)",
    "0px 9px 12px -6px rgba(0,0,0,0.2),0px 19px 29px 2px rgba(0,0,0,0.14),0px 7px 36px 6px rgba(0,0,0,0.12)",
    "0px 10px 13px -6px rgba(0,0,0,0.2),0px 20px 31px 3px rgba(0,0,0,0.14),0px 8px 38px 7px rgba(0,0,0,0.12)",
    "0px 10px 13px -6px rgba(0,0,0,0.2),0px 21px 33px 3px rgba(0,0,0,0.14),0px 8px 40px 7px rgba(0,0,0,0.12)",
    "0px 10px 14px -6px rgba(0,0,0,0.2),0px 22px 35px 3px rgba(0,0,0,0.14),0px 8px 42px 7px rgba(0,0,0,0.12)",
    "0px 11px 14px -7px rgba(0,0,0,0.2),0px 23px 36px 3px rgba(0,0,0,0.14),0px 9px 44px 8px rgba(0,0,0,0.12)",
    "0px 11px 15px -7px rgba(0,0,0,0.2),0px 24px 38px 3px rgba(0,0,0,0.14),0px 9px 46px 8px rgba(0,0,0,0.12)",
  ],
  "shape": Object {
    "borderRadius": 4,
  },
  "spacing": [Function],
  "transitions": Object {
    "create": [Function],
    "duration": Object {
      "complex": 375,
      "enteringScreen": 225,
      "leavingScreen": 195,
      "short": 250,
      "shorter": 200,
      "shortest": 150,
      "standard": 300,
    },
    "easing": Object {
      "easeIn": "cubic-bezier(0.4, 0, 1, 1)",
      "easeInOut": "cubic-bezier(0.4, 0, 0.2, 1)",
      "easeOut": "cubic-bezier(0.0, 0, 0.2, 1)",
      "sharp": "cubic-bezier(0.4, 0, 0.6, 1)",
    },
    "getAutoHeightDuration": [Function],
  },
  "typography": Object {
    "body1": Object {
      "fontFamily": "\\"Lato\\", Helvetica, Roboto, Arial, \\"Lucida Grande\\", sans-serif",
      "fontSize": "1rem",
      "fontWeight": 400,
      "lineHeight": 1.5,
    },
    "body2": Object {
      "fontFamily": "\\"Lato\\", Helvetica, Roboto, Arial, \\"Lucida Grande\\", sans-serif",
      "fontSize": "0.875rem",
      "fontWeight": 400,
      "lineHeight": 1.43,
    },
    "button": Object {
      "fontFamily": "\\"Lato\\", Helvetica, Roboto, Arial, \\"Lucida Grande\\", sans-serif",
      "fontSize": "0.75rem",
      "fontWeight": 700,
      "letterSpacing": 0.5,
      "lineHeight": 1.4,
      "textTransform": "initial",
    },
    "caption": Object {
      "fontFamily": "\\"Lato\\", Helvetica, Roboto, Arial, \\"Lucida Grande\\", sans-serif",
      "fontSize": "0.75rem",
      "fontWeight": 400,
      "lineHeight": 1.66,
    },
    "fontFamily": "\\"Lato\\", Helvetica, Roboto, Arial, \\"Lucida Grande\\", sans-serif",
    "fontFamilyMonospace": "\\"Ubuntu Mono\\", Consolas, \\"Lucida Console\\", Monaco, Courier, monospace",
    "fontSize": 14,
    "fontWeightBold": 700,
    "fontWeightBolder": 900,
    "fontWeightLight": 300,
    "fontWeightLighter": 100,
    "fontWeightMedium": 400,
    "fontWeightRegular": 400,
    "h1": Object {
      "fontFamily": "\\"Lato\\", Helvetica, Roboto, Arial, \\"Lucida Grande\\", sans-serif",
      "fontSize": "3rem",
      "fontWeight": 300,
      "lineHeight": 1.167,
    },
    "h2": Object {
      "fontFamily": "\\"Lato\\", Helvetica, Roboto, Arial, \\"Lucida Grande\\", sans-serif",
      "fontSize": "2.25rem",
      "fontWeight": 300,
      "lineHeight": 1.2,
    },
    "h3": Object {
      "fontFamily": "\\"Lato\\", Helvetica, Roboto, Arial, \\"Lucida Grande\\", sans-serif",
      "fontSize": "1.875rem",
      "fontWeight": 400,
      "lineHeight": 1.167,
    },
    "h4": Object {
      "fontFamily": "\\"Lato\\", Helvetica, Roboto, Arial, \\"Lucida Grande\\", sans-serif",
      "fontSize": "1.5rem",
      "fontWeight": 400,
      "lineHeight": 1.235,
    },
    "h5": Object {
      "fontFamily": "\\"Lato\\", Helvetica, Roboto, Arial, \\"Lucida Grande\\", sans-serif",
      "fontSize": "1.25rem",
      "fontWeight": 400,
      "lineHeight": 1.334,
    },
    "h6": Object {
      "fontFamily": "\\"Lato\\", Helvetica, Roboto, Arial, \\"Lucida Grande\\", sans-serif",
      "fontSize": "1.125rem",
      "fontWeight": 400,
      "lineHeight": 1.6,
    },
    "htmlFontSize": 16,
    "overline": Object {
      "fontFamily": "\\"Lato\\", Helvetica, Roboto, Arial, \\"Lucida Grande\\", sans-serif",
      "fontSize": "0.75rem",
      "fontWeight": 400,
      "lineHeight": 2.66,
      "textTransform": "uppercase",
    },
    "pxToRem": [Function],
    "round": [Function],
    "subtitle1": Object {
      "fontFamily": "\\"Lato\\", Helvetica, Roboto, Arial, \\"Lucida Grande\\", sans-serif",
      "fontSize": "0.875rem",
      "fontWeight": 400,
      "lineHeight": 1.75,
    },
    "subtitle2": Object {
      "fontFamily": "\\"Lato\\", Helvetica, Roboto, Arial, \\"Lucida Grande\\", sans-serif",
      "fontSize": "0.875rem",
      "fontWeight": 400,
      "lineHeight": 1.57,
    },
  },
  "zIndex": Object {
    "appBar": 1100,
    "drawer": 1200,
    "mobileStepper": 1000,
    "modal": 1300,
    "snackbar": 1400,
    "speedDial": 1050,
    "tooltip": 1500,
  },
}
`;
